Logging to genx320_debug_20260526_094956.log

[0;36m======================================================================[0m
[0;36m 1. System information[0m
[0;36m======================================================================[0m
Date        : Tue 26 May 09:49:56 PDT 2026
Kernel      : 6.12.75+rpt-rpi-2712
Architecture: aarch64
Hostname    : pi5
Pi model    : Raspberry Pi 5 Model B Rev 1.1
Firmware    : 2025/06/13 10:39:26 

[0;36m======================================================================[0m
[0;36m 2. Kernel module[0m
[0;36m======================================================================[0m
[0;32m[ OK ][0m  genx320 module is loaded.
genx320_driver         65536  0
v4l2_fwnode            49152  2 rp1_cfe,genx320_driver
v4l2_async             49152  3 v4l2_fwnode,rp1_cfe,genx320_driver
videodev              344064  8 v4l2_async,v4l2_fwnode,pisp_be,rpi_hevc_dec,videobuf2_v4l2,rp1_cfe,genx320_driver,v4l2_mem2mem
mc                     81920  9 v4l2_async,videodev,pisp_be,rpi_hevc_dec,videobuf2_v4l2,rp1_cfe,videobuf2_common,genx320_driver,v4l2_mem2mem

----------------------------------------------------------------------

[0;34m[INFO][0m  Module info (if available):
filename:       /lib/modules/6.12.75+rpt-rpi-2712/updates/dkms/genx320-driver.ko.xz
description:    Prophesee genx320 sensor driver
author:         Prophesee
license:        GPL
srcversion:     616C7F82E283646156BC142
alias:          of:N*T*Cpsee,genx320C*
alias:          of:N*T*Cpsee,genx320
depends:        videodev,v4l2-async,v4l2-fwnode,mc
name:           genx320_driver
vermagic:       6.12.75+rpt-rpi-2712 SMP preempt mod_unload modversions aarch64

[0;36m======================================================================[0m
[0;36m 3. DKMS status[0m
[0;36m======================================================================[0m
psee_sensor_drivers/1.0.1, 6.12.75+rpt-rpi-2712, aarch64: installed (Original modules exist)

[0;36m======================================================================[0m
[0;36m 4. Device-tree overlay[0m
[0;36m======================================================================[0m
[0;34m[INFO][0m  Currently loaded overlays:
Overlays (in load order):
0:  genx320

----------------------------------------------------------------------

[0;34m[INFO][0m  Searching /proc/device-tree for genx320 node...
[0;31m[FAIL][0m  genx320 DT node NOT found in /proc/device-tree.
   -> sudo dtoverlay genx320      (cam1)
   -> sudo dtoverlay genx320,cam0 (cam0)

----------------------------------------------------------------------

[0;34m[INFO][0m  I2C devices registered with the kernel:
11-003c
i2c-1
i2c-11
i2c-13
i2c-14
  11-003c: genx320
  i2c-11: Synopsys DesignWare I2C adapter
  i2c-13: 107d508200.i2c
  i2c-14: 107d508280.i2c
  i2c-1: Synopsys DesignWare I2C adapter

[0;36m======================================================================[0m
[0;36m 5. Full dmesg dump (genx320 / power / clock / I2C)[0m
[0;36m======================================================================[0m
[0;34m[INFO][0m  All matching dmesg lines (most recent 80):
grep: Trailing backslash
grep: Trailing backslash
grep: Trailing backslash

[0;36m======================================================================[0m
[0;36m 6. Power-rail analysis[0m
[0;36m======================================================================[0m
  EREMOTEIO (-121) seen : 1
  cam_reg enable seen   : 0
  'Failed to power' seen: 1
  'Failed to boot' seen : 0

[0;31m[FAIL][0m  'Failed to power-on sensor' — one of the regulators, clock, or reset GPIO failed to initialise.
   Likely causes:
   (A) cam_reg (3.3 V supply) not enabling — FPC unseated or wrong cam slot.
   (B) 20 MHz inclk not programmed — RP1 GPCLK not running.
   (C) Reset GPIO conflict — another driver or overlay owns the pin.
   (D) Regulator driver not loaded — check 'regulator' in dmesg.
[0;31m[FAIL][0m  -EREMOTEIO: sensor did not ACK on I2C. It is powered but not responding.
   Likely causes:
   (A) 20 MHz clock not reaching sensor.
   (B) NRST stuck LOW.
   (C) rstn-delay-ms too short — try 600 ms.

[0;36m======================================================================[0m
[0;36m 7. Clock state[0m
[0;36m======================================================================[0m
[0;34m[INFO][0m  Checking debugfs clock summary for cam/gpclk clocks...
 cam1_clk                            1       1        0        20000000    0          0     50000      Y   deviceless                      no_connection_id         

----------------------------------------------------------------------

[0;34m[INFO][0m  GPCLK entries specifically:
[1;33m[WARN][0m  No gpclk entries.

----------------------------------------------------------------------

[0;34m[INFO][0m  Checking /sys/kernel/debug/regulator for cam regulators...
cam0_reg
cam1_reg
cam-dummy-reg
  cam0_reg:
  cam1_reg:
  cam-dummy-reg:

[0;36m======================================================================[0m
[0;36m 8. Regulator state (/sys/class/regulator)[0m
[0;36m======================================================================[0m
[0;34m[INFO][0m  All regulators:
  regulator-dummy : ?
  3v3 : ?
  cam-dummy-reg : ?
  vdd-3v3 : ?
  vdd-sd-io : ?
  cam0_reg : disabled
  cam1_reg : disabled

[0;36m======================================================================[0m
[0;36m 9. I2C bus scan[0m
[0;36m======================================================================[0m
[0;34m[INFO][0m  All I2C buses:
i2c-1	i2c       	Synopsys DesignWare I2C adapter 	I2C adapter
i2c-11	i2c       	Synopsys DesignWare I2C adapter 	I2C adapter
i2c-13	i2c       	107d508200.i2c                  	I2C adapter
i2c-14	i2c       	107d508280.i2c                  	I2C adapter

----------------------------------------------------------------------

[0;34m[INFO][0m  Scanning all buses for device at 0x3c...
[0;32m[ OK ][0m  Device at 0x3c found on i2c-13!
     0  1  2  3  4  5  6  7  8  9  a  b  c  d  e  f
00:                         08 09 0a 0b 0c 0d 0e 0f 
10: 10 11 12 13 14 15 16 17 18 19 1a 1b 1c 1d 1e 1f 
20: 20 21 22 23 24 25 26 27 28 29 2a 2b 2c 2d 2e 2f 
30: -- -- -- -- -- -- -- 37 38 39 3a 3b 3c 3d 3e 3f 
40: 40 41 42 43 44 45 46 47 48 49 4a 4b 4c 4d 4e 4f 
50: 50 -- -- -- -- -- -- -- -- 59 -- -- -- -- -- -- 
60: 60 61 62 63 64 65 66 67 68 69 6a 6b 6c 6d 6e 6f 
70: 70 71 72 73 74 75 76 77                         
[0;32m[ OK ][0m  Device at 0x3c found on i2c-14!
     0  1  2  3  4  5  6  7  8  9  a  b  c  d  e  f
00:                         08 09 0a 0b 0c 0d 0e 0f 
10: 10 11 12 13 14 15 16 17 18 19 1a 1b 1c 1d 1e 1f 
20: 20 21 22 23 24 25 26 27 28 29 2a 2b 2c 2d 2e 2f 
30: -- -- -- -- -- -- -- -- 38 39 3a 3b 3c 3d 3e 3f 
40: 40 41 42 43 44 45 46 47 48 49 4a 4b 4c 4d 4e 4f 
50: -- -- -- -- -- -- -- -- -- -- -- -- -- -- -- -- 
60: 60 61 62 63 64 65 66 67 68 69 6a 6b 6c 6d 6e 6f 
70: 70 71 72 73 74 75 76 77                         

[0;36m======================================================================[0m
[0;36m 10. GPIO state[0m
[0;36m======================================================================[0m
[0;34m[INFO][0m  GPIO lines referencing cam/reset/csi:
 gpio-601 (ETH_RST_N           |phy-reset           ) out hi ACTIVE LOW
 gpio-603 (CD0_IO0_MICCLK      |cam0_reg            ) out lo 
 gpio-615 (CD1_IO0_MICCLK      |cam1_reg            ) out lo 

----------------------------------------------------------------------

[0;34m[INFO][0m  All GPIO lines (gpioinfo):
gpiochip0 - 54 lines:
	line   0:	"ID_SDA"        	input
	line   1:	"ID_SCL"        	input
	line   2:	"GPIO2"         	input
	line   3:	"GPIO3"         	input
	line   4:	"GPIO4"         	input
	line   5:	"GPIO5"         	input
	line   6:	"GPIO6"         	input
	line   7:	"GPIO7"         	input
	line   8:	"GPIO8"         	input
	line   9:	"GPIO9"         	input
	line  10:	"GPIO10"        	input
	line  11:	"GPIO11"        	input
	line  12:	"GPIO12"        	input
	line  13:	"GPIO13"        	input
	line  14:	"GPIO14"        	input
	line  15:	"GPIO15"        	input
	line  16:	"GPIO16"        	input
	line  17:	"GPIO17"        	input
	line  18:	"GPIO18"        	input
	line  19:	"GPIO19"        	input
	line  20:	"GPIO20"        	input
	line  21:	"GPIO21"        	input
	line  22:	"GPIO22"        	input
	line  23:	"GPIO23"        	input
	line  24:	"GPIO24"        	input
	line  25:	"GPIO25"        	input
	line  26:	"GPIO26"        	input
	line  27:	"GPIO27"        	input
	line  28:	"PCIE_RP1_WAKE" 	input
	line  29:	"FAN_TACH"      	input
	line  30:	"HOST_SDA"      	input
	line  31:	"HOST_SCL"      	input
	line  32:	"ETH_RST_N"     	output active-low consumer="phy-reset"
	line  33:	"-"             	input
	line  34:	"CD0_IO0_MICCLK"	output consumer="cam0_reg"
	line  35:	"CD0_IO0_MICDAT0"	input
	line  36:	"RP1_PCIE_CLKREQ_N"	input
	line  37:	"-"             	input
	line  38:	"CD0_SDA"       	input
	line  39:	"CD0_SCL"       	input
	line  40:	"CD1_SDA"       	input
	line  41:	"CD1_SCL"       	input
	line  42:	"USB_VBUS_EN"   	output
	line  43:	"USB_OC_N"      	input
	line  44:	"RP1_STAT_LED"  	output active-low consumer="PWR"
	line  45:	"FAN_PWM"       	output
	line  46:	"CD1_IO0_MICCLK"	output consumer="cam1_reg"
	line  47:	"2712_WAKE"     	input
	line  48:	"CD1_IO1_MICDAT1"	input
	line  49:	"EN_MAX_USB_CUR"	output
	line  50:	"-"             	input
	line  51:	"-"             	input
	line  52:	"-"             	input
	line  53:	"-"             	input
gpiochip10 - 32 lines:
	line   0:	"-"             	input
	line   1:	"2712_BOOT_CS_N"	output active-low consumer="spi10 CS0"
	line   2:	"2712_BOOT_MISO"	input
	line   3:	"2712_BOOT_MOSI"	input
	line   4:	"2712_BOOT_SCLK"	input
	line   5:	"-"             	input
	line   6:	"-"             	input
	line   7:	"-"             	input
	line   8:	"-"             	input
	line   9:	"-"             	input
	line  10:	"-"             	input
	line  11:	"-"             	input
	line  12:	"-"             	input
	line  13:	"-"             	input
	line  14:	"PCIE_SDA"      	input
	line  15:	"PCIE_SCL"      	input
	line  16:	"-"             	input
	line  17:	"-"             	input
	line  18:	"-"             	input
	line  19:	"-"             	input
	line  20:	"PWR_GPIO"      	input active-low consumer="pwr_button"
	line  21:	"2712_G21_FS"   	input
	line  22:	"-"             	input
	line  23:	"-"             	input

[0;36m======================================================================[0m
[0;36m 11. Media topology[0m
[0;36m======================================================================[0m
[0;34m[INFO][0m  Checking /dev/media0...
[0;34m[INFO][0m  Checking /dev/media1...
[0;34m[INFO][0m  Checking /dev/media2...
[0;34m[INFO][0m  Checking /dev/media3...
[0;31m[FAIL][0m  genx320 not in any /dev/media* device.

[0;36m======================================================================[0m
[0;36m 12. Driver source inspection[0m
[0;36m======================================================================[0m
[0;32m[ OK ][0m  Found source: drivers/genx320.c

----------------------------------------------------------------------

[0;34m[INFO][0m  Power/regulator/clock/reset/GPIO lines in source:
8:#include <linux/clk.h>
9:#include <linux/delay.h>
13:#include <linux/regulator/consumer.h>
93: * Return: 0 if successful, error code otherwise.
137: * Return: 0 if successful, error code otherwise.
201: * Return: 0 if successful, error code otherwise.
227: * Return: 0 if successful, error code otherwise.
271: * Return: 0 if successful, error code otherwise.
305: * Return: 0 if successful, error code otherwise.
357: * Return: 0 if successful, error code otherwise.
450: * Return: 0 if successful, error code otherwise.
454:	sys_clk_ctrl sys_clk_ctrl;
456:	// pll_powerdown_and_switch
457:	RET_ON(genx320_read(genx320, sys_clk_ctrl_address, &sys_clk_ctrl.raw));
459:	sys_clk_ctrl.sys_clk_en = 1;
460:	sys_clk_ctrl.sys_clk_switch = 0;
461:	RET_ON(genx320_write(genx320, sys_clk_ctrl_address, sys_clk_ctrl.raw));
463:	sys_clk_ctrl.sys_clk_en = 0;
464:	sys_clk_ctrl.sys_clk_switch = 0;
466:	RET_ON(genx320_write(genx320, sys_clk_ctrl_address, sys_clk_ctrl.raw));
469:	//  set_sensor_clk_freq
492: * Return: 0 if successful, error code otherwise.
516: * genx320_check_boot() - Check the boot magic
519: * There is a misc register switching to a magic value at the end of sensor boot process
522:static int genx320_check_boot(struct genx320 *genx320)
529:		dev_warn(genx320->pcw.dev, "could not get the boot magic");
534:		dev_warn(genx320->pcw.dev, "unexpected boot magic, got %u, expected %u",
546: * Return: 0 if successful, error code otherwise.
556:	usleep_range(200, 250);
557:	dev_info(dev, "DIAG power_on: post-delay done, beginning I2C probe\n");
564:	// set the post reset bias configuration
587: * Return: 0 if successful, error code otherwise.
606:		dev_err(genx320->pcw.dev, "genx320_roi_window_init failed (%d)\n", ret);
612:		dev_err(genx320->pcw.dev, "genx320_roi_pixel_init failed (%d)\n", ret);
618:		dev_err(genx320->pcw.dev, "genx320_erc_init failed (%d)\n", ret);
624:		dev_err(genx320->pcw.dev, "genx320_bias_init failed (%d)\n", ret);
635: * Return: 0 if successful, error code otherwise.
643:		dev_err(genx320->pcw.sd.dev, "%s control init failed (%d)\n", __func__, ret);
654: * Return: 0 if successful, error code otherwise.
675:	msleep(1);
676:	dev_info(dev, "DIAG power_on: post-delay done, beginning I2C probe\n");
694: * Return: 0 if successful, error code otherwise.
711:			goto error_unlock;
715:			goto error_power_off;
727:error_power_off:
729:error_unlock:
751:		dev_err(genx320->pcw.dev, "chip id mismatch: %x!=%x",
763: * Return: 0 if successful, error code otherwise.
779:	/* Request optional reset pin */
780:	genx320->nreset_gpio = devm_gpiod_get_optional(genx320->pcw.dev, "nreset",
782:	if (IS_ERR(genx320->nreset_gpio)) {
783:		dev_err(genx320->pcw.dev, "failed to get reset gpio %ld",
784:			PTR_ERR(genx320->nreset_gpio));
785:		return PTR_ERR(genx320->nreset_gpio);
789:	genx320->inclk = devm_clk_get(genx320->pcw.dev, NULL);
790:	if (IS_ERR(genx320->inclk)) {
791:		dev_dbg(genx320->pcw.dev, "could not get inclk");
792:		return PTR_ERR(genx320->inclk);
795:	rate = clk_get_rate(genx320->inclk);
797:		dev_err(genx320->pcw.dev, "inclk frequency mismatch");

----------------------------------------------------------------------

[0;34m[INFO][0m  Functions defined in source:
57:static const char * const genx320_supply_names[] = {
63:static const s64 link_freq[] = {
68:static const u32 supported_formats[] = {
80:static inline struct genx320 *to_genx320(struct v4l2_subdev *subdev)
95:static int genx320_read(struct genx320 *genx320, u32 reg, u32 *val)
123:static int genx320_ctrl_read(void *hdl, u32 reg, u32 *val)
139:static int genx320_write(struct genx320 *genx320, u32 reg, const u32 val)
167:static int genx320_ctrl_write(void *hdl, u32 reg, u32 val)
175:static int genx320_set(struct genx320 *genx320, u32 reg, const u32 mask)
185:static int genx320_clear(struct genx320 *genx320, u32 reg, const u32 mask)
203:static int genx320_enum_mbus_code(struct v4l2_subdev *sd,
229:static int genx320_enum_frame_size(struct v4l2_subdev *sd,
251:static void genx320_fill_pad_format(struct genx320 *genx320,
273:static int genx320_get_pad_format(struct v4l2_subdev *sd,
307:static int genx320_set_pad_format(struct v4l2_subdev *sd,
359:static int genx320_init_pad_cfg(struct v4l2_subdev *sd,
371:static struct v4l2_rect *
386:static int genx320_set_selection(struct v4l2_subdev *sd,
419:static int genx320_get_selection(struct v4l2_subdev *sd,
452:static  __maybe_unused int genx320_reconfigure_csi2_freq(struct genx320 *genx320)
473:static int genx320_configure_mipi(struct genx320 *genx320)
494:static int genx320_apply_format(struct genx320 *genx320)
522:static int genx320_check_boot(struct genx320 *genx320)
548:static int genx320_tune_analog(struct genx320 *genx320)
589:static int genx320_init(struct genx320 *genx320)
637:static int genx320_start_streaming(struct genx320 *genx320)
656:static int genx320_stop_streaming(struct genx320 *genx320)
696:static int genx320_set_stream(struct v4l2_subdev *sd, int enable)
741:static int genx320_detect(struct genx320 *genx320)
765:static int genx320_parse_hw_config(struct genx320 *genx320)
860:static int genx320_log_status(struct v4l2_subdev *sd)
921:static int genx320_g_register(struct v4l2_subdev *sd, struct v4l2_dbg_register *reg)
937:static int genx320_s_register(struct v4l2_subdev *sd, const struct v4l2_dbg_register *reg)
949:static const struct v4l2_subdev_video_ops genx320_video_ops = {
953:static const struct v4l2_subdev_core_ops genx320_core_ops = {
961:static const struct v4l2_subdev_pad_ops genx320_pad_ops = {
970:static const struct v4l2_subdev_ops genx320_subdev_ops = {
976:static const struct v4l2_subdev_internal_ops genx320_internal_ops = {
986:static int genx320_power_on(struct device *dev)
1046:static int genx320_power_off(struct device *dev)

[0;36m======================================================================[0m
[0;36m 13. Auto-inject DIAG logging and rebuild[0m
[0;36m======================================================================[0m
[0;32m[ OK ][0m  DIAG logging already present in drivers/genx320.c — skipping injection.

[0;36m======================================================================[0m
[0;36m Session complete[0m
[0;36m======================================================================[0m
Full log saved to: genx320_debug_20260526_094956.log

Share genx320_debug_20260526_094956.log for remote diagnosis.
